I'm sorry, but errors were detected in your script. Please correct the
errors listed below, and try again.


File "game/scenario/final.rpy", line 296: end of line expected.
(Perhaps you left out a ' at the end of the first line.)
    show text '
        Идея: Лютый Николай, Белокобыльский Кирилл{p}
        Продюсер, Режиссёр: Лютый Николай, Белокобыльский Кирилл{p}
        Программисты: Лютый Николай, Белокобыльский Кирилл{p}
        Главные сценаристы: Лютый Николай, Белокобыльский Кирилл{p}
        Сценаристы: Лютый Николай, Белокобыльский Кирилл{p}
        Звукорежиссёр: Лютый Николай{p}
    
        В визуальной новелле использовалась данная музыка{p}
    
        Pyrokinesis, МУККА - Днями-ночами;{p}
        Pyrokinesis - Цветами радуги;{p}
        МУККА - Интро;{p}
        Pyrokinesis, МУККА, Booker - Некуда бежать;{p}
        Dora - Осень пьяная;{p}
        Dora - Втюрилась;{p}
        Pyrokinesis - Я приду к тебе с клубникой в декабре;{p}
        ТДД - Демоны;{p}
        Pyrokinesis - Вечно 17;{p}
        Pyrokinesis - Молот ведьм(Remastered);{p}
        Pyrokinesis - Терновый венец эволюции;{p}
        The Cat Empire - The Lost Song{p}
    
        Авторы благодарят за помощь в создании визуальной новеллы {p}
        Манакову Ольгу Петровну за возможность реализовать данную идею и получить за неё автомат{p}
        Создателей Renpy за упрощение в написании игры данного жанра{p}
    
        Благодарим всех, кто прошёл данную игру и желаем никогда не сдаваться и идти до конца, ведь{p}
        войн без потерь не бывает, и иногда победа приносит столько потерь, что больше похоже на поражение. {p}Война всегда непредсказуема — твой противник может стать твоим союзником, если у вас двоих появляются общие интересы.{p} Больше всего от войны страдают невинные, которые оказались втянуты в сражение против своей воли.{p} Война — это путь обмана. И порой обманутым оказываешься ты сам.{p}
        И в заключение хочется сказать, что у каждой истории есть начало и конец.{p} У каждой истории есть своя канва, синопсис, содержание, ключевые моменты, прологи и эпилоги. И нет такой книги, в которой при каждом новом прочтении не открывались бы вещи, на которые раньше не обращал внимания.{p} У каждой истории есть начало и конец. Почти у каждой...{p}
        ''' at txt_up

Ren'Py Version: Ren'Py 8.0.3.22090809
Sat Jun 17 16:54:35 2023
